#-----------------------------------------------------------
# Vivado v2021.2 (64-bit)
# SW Build 3367213 on Tue Oct 19 02:48:09 MDT 2021
# IP Build 3369179 on Thu Oct 21 08:25:16 MDT 2021
# Start of session at: Thu Jan  6 16:50:49 2022
# Process ID: 17576
# Current directory: C:/Users/75230/Desktop/lab4/project_1
# Command line: vivado.exe -gui_launcher_event rodinguilauncherevent10472 C:\Users\75230\Desktop\lab4\project_1\project_1.xpr
# Log file: C:/Users/75230/Desktop/lab4/project_1/vivado.log
# Journal file: C:/Users/75230/Desktop/lab4/project_1\vivado.jou
# Running On: LAPTOP-5SB46T2D, OS: Windows, CPU Frequency: 2400 MHz, CPU Physical cores: 4, Host memory: 8387 MB
#-----------------------------------------------------------
start_gui
open_project C:/Users/75230/Desktop/lab4/project_1/project_1.xpr
update_compile_order -fileset sources_1
launch_simulation
open_wave_config C:/Users/75230/Desktop/lab4/tb_top_behav.wcfg
source tb_top.tcl
current_wave_config {tb_top_behav.wcfg}
add_wave {{/tb_top/soc/cpu/mips/dp/resultW}} 
current_wave_config {tb_top_behav.wcfg}
add_wave {{/tb_top/soc/cpu/mips/dp/mem1M/aluop}} 
current_wave_config {tb_top_behav.wcfg}
add_wave {{/tb_top/soc/cpu/mips/dp/mem1M/writedata2M}} 
current_wave_config {tb_top_behav.wcfg}
add_wave {{/tb_top/soc/cpu/mips/dp/mem1M/writedata}} 
current_wave_config {tb_top_behav.wcfg}
add_wave {{/tb_top/soc/cpu/mips/dp/mem1M/memsel}} 
current_wave_config {tb_top_behav.wcfg}
add_wave {{/tb_top/soc/cpu/writedata}} 
current_wave_config {tb_top_behav.wcfg}
add_wave {{/tb_top/soc/cpu_data_wdata}} 
current_wave_config {tb_top_behav.wcfg}
add_wave {{/tb_top/soc/cpu_data_wen}} 
current_wave_config {tb_top_behav.wcfg}
add_wave {{/tb_top/soc/cpu/mips/dp/mem1M/aluoutM}} 
current_wave_config {tb_top_behav.wcfg}
add_wave {{/tb_top/soc/cpu/mips/dp/aluoutE}} 
close_sim
launch_simulation
open_wave_config C:/Users/75230/Desktop/lab4/tb_top_behav.wcfg
source tb_top.tcl
current_wave_config {tb_top_behav.wcfg}
add_wave {{/tb_top/soc/cpu/mips/dp/mem1M/aluop}} 
current_wave_config {tb_top_behav.wcfg}
add_wave {{/tb_top/soc/cpu/mips/dp/mem1M/memsel}} 
current_wave_config {tb_top_behav.wcfg}
add_wave {{/tb_top/soc/cpu/mips/dp/mem1M/writedata2M}} 
current_wave_config {tb_top_behav.wcfg}
add_wave {{/tb_top/soc/cpu/mips/dp/mem1M/readdata2M}} 
current_wave_config {tb_top_behav.wcfg}
add_wave {{/tb_top/soc/cpu/mips/dp/mem1M/aluoutM}} 
current_wave_config {tb_top_behav.wcfg}
add_wave {{/tb_top/soc/cpu/mips/dp/mem1M/readdata}} 
current_wave_config {tb_top_behav.wcfg}
add_wave {{/tb_top/soc/cpu/mips/dp/aluoutM}} 
close_sim
launch_simulation
open_wave_config C:/Users/75230/Desktop/lab4/tb_top_behav.wcfg
source tb_top.tcl
current_wave_config {tb_top_behav.wcfg}
add_wave {{/tb_top/soc/cpu/mips/dp/mem1M/aluop}} 
current_wave_config {tb_top_behav.wcfg}
add_wave {{/tb_top/soc/cpu/mips/dp/mem1M/memsel}} 
current_wave_config {tb_top_behav.wcfg}
add_wave {{/tb_top/soc/cpu/mips/dp/mem1M/readdata}} 
current_wave_config {tb_top_behav.wcfg}
add_wave {{/tb_top/soc/cpu/mips/dp/mem1M/readdata2M}} 
current_wave_config {tb_top_behav.wcfg}
add_wave {{/tb_top/soc/cpu/mips/dp/resultW}} 
current_wave_config {tb_top_behav.wcfg}
add_wave {{/tb_top/soc/cpu/mips/dp/readdataW}} 
close_sim
